<html>
<body>
<pre>
<h1>礦ision Build Log</h1>
<h2>Tool Versions:</h2>
IDE-Version: μVision V5.17.0.0
Copyright (C) 2015 ARM Ltd and ARM Germany GmbH. All rights reserved.
License Information: 123 123, 123, LIC=AK19U-SRS0W-F0RN5-GD38S-IQF6A-2V0DN
 
Tool Versions:
Toolchain:       MDK-ARM Professional  Version: 5.17
Toolchain Path:  F:\Keil5\ARM\ARMCC\Bin
C Compiler:      Armcc.exe V5.06 update 1 (build 61)
Assembler:       Armasm.exe V5.06 update 1 (build 61)
Linker/Locator:  ArmLink.exe V5.06 update 1 (build 61)
Library Manager: ArmAr.exe V5.06 update 1 (build 61)
Hex Converter:   FromElf.exe V5.06 update 1 (build 61)
CPU DLL:         SARMCM3.DLL V5.17
Dialog DLL:      DARMSTM.DLL V1.65.0.0
Target DLL:      Segger\JL2CM3.dll V2.99.16.0
Dialog DLL:      TARMSTM.DLL V1.64.0.0
 
<h2>Project:</h2>
D:\大创\git同步工作目录\28，ATK-OV7725摄像头模块资料\28，ATK-OV7725摄像头模块资料\2，程序源码\（库函数版本，适合MiniSTM32F1开发板）扩展实验9 摄像头实验\USER\OV7670_OV7725.uvprojx
Project File Date:  11/12/2017

<h2>Output:</h2>
*** Using Compiler 'V5.06 update 1 (build 61)', folder: 'F:\Keil5\ARM\ARMCC\Bin'
Rebuild target 'Target 1'
compiling stm32f10x_it.c...
compiling led.c...
compiling key.c...
compiling timer.c...
compiling system_stm32f10x.c...
compiling exti.c...
compiling main.c...
compiling delay.c...
compiling ov7670.c...
compiling usart.c...
compiling sccb.c...
compiling ov7725.c...
assembling startup_stm32f10x_hd.s...
compiling sys.c...
compiling core_cm3.c...
compiling stm32f10x_gpio.c...
compiling stm32f10x_rcc.c...
compiling stm32f10x_usart.c...
compiling lcd.c...
compiling misc.c...
compiling stm32f10x_tim.c...
compiling stm32f10x_exti.c...
compiling usmart_str.c...
compiling usmart_config.c...
compiling usmart.c...
linking...
Program Size: Code=31008 RO-data=7456 RW-data=464 ZI-data=1848  
FromELF: creating hex file...
"..\OBJ\TIMER.axf" - 0 Error(s), 0 Warning(s).

<h2>Collection of Component include folders:</h2>
  D:\大创\git同步工作目录\28，ATK-OV7725摄像头模块资料\28，ATK-OV7725摄像头模块资料\2，程序源码\（库函数版本，适合MiniSTM32F1开发板）扩展实验9 摄像头实验\USER\RTE
  F:\Keil5\ARM\PACK\Keil\STM32F1xx_DFP\1.1.0\Device\Include

<h2>Collection of Component Files used:</h2>
Build Time Elapsed:  00:00:09
</pre>
</body>
</html>
