<html>
<body>
<pre>
<h1>礦ision Build Log</h1>
<h2>Project:</h2>
E:\QQPCmgr\Desktop\ATK-QR 二维码与条形码识别库\2，程序源码\(标准库版，适合探索者F407开发板)扩展实验SE01 ATK-QR二维码、条形码识别实验\USER\ATKQR_DECODE.uvprojx
Project File Date:  07/14/2016

<h2>Output:</h2>
Build target 'ATKQR_DECODE'
compiling main.c...
compiling stm32f4xx_it.c...
compiling system_stm32f4xx.c...
compiling timer.c...
compiling sram.c...
compiling lcd.c...
compiling dcmi.c...
compiling ov2640.c...
compiling sccb.c...
compiling beep.c...
compiling led.c...
compiling w25qxx.c...
compiling sdio_sdcard.c...
compiling spi.c...
compiling key.c...
compiling delay.c...
compiling sys.c...
compiling usart.c...
compiling malloc.c...
assembling startup_stm32f40_41xxx.s...
compiling misc.c...
compiling stm32f4xx_dcmi.c...
compiling stm32f4xx_gpio.c...
compiling stm32f4xx_fsmc.c...
compiling stm32f4xx_dma.c...
compiling stm32f4xx_rcc.c...
compiling stm32f4xx_syscfg.c...
compiling stm32f4xx_usart.c...
compiling stm32f4xx_tim.c...
compiling stm32f4xx_i2c.c...
compiling stm32f4xx_sdio.c...
compiling stm32f4xx_spi.c...
compiling exfuns.c...
compiling fattester.c...
compiling mycc936.c...
compiling diskio.c...
compiling ff.c...
compiling fontupd.c...
compiling text.c...
compiling atk_qrdecode.c...
linking...
Program Size: Code=69714 RO-data=8738 RW-data=144 ZI-data=1224416  
FromELF: creating hex file...
"..\OBJ\ATKQRReader.axf" - 0 Error(s), 0 Warning(s).
Load "..\\OBJ\\ATKQRReader.axf" 
Erase Done.
Programming Done.
Verify OK.
Application running ...
