<html>
<body>
<pre>
<h1>礦ision Build Log</h1>
<h2>Tool Versions:</h2>
IDE-Version: μVision V5.17.0.0
Copyright (C) 2015 ARM Ltd and ARM Germany GmbH. All rights reserved.
License Information: 123 123, 123, LIC=AK19U-SRS0W-F0RN5-GD38S-IQF6A-2V0DN
 
Tool Versions:
Toolchain:       MDK-ARM Professional  Version: 5.17
Toolchain Path:  F:\Keil5\ARM\ARMCC\Bin
C Compiler:      Armcc.exe V5.06 update 1 (build 61)
Assembler:       Armasm.exe V5.06 update 1 (build 61)
Linker/Locator:  ArmLink.exe V5.06 update 1 (build 61)
Library Manager: ArmAr.exe V5.06 update 1 (build 61)
Hex Converter:   FromElf.exe V5.06 update 1 (build 61)
CPU DLL:         SARMCM3.DLL V5.17
Dialog DLL:      DCM.DLL V1.13.4.0
Target DLL:      STLink\ST-LINKIII-KEIL_SWO.dll V2.0.18.0
Dialog DLL:      TCM.DLL V1.14.6.0
 
<h2>Project:</h2>
D:\大创\机械创新设计大赛\ATK-QR 二维码与条形码识别库\ATK-QR 二维码与条形码识别库\2，程序源码\(寄存器版，适合探索者F407开发板)扩展实验SE01 ATK-QR二维码、条形码识别实验\USER\TEST.uvprojx
Project File Date:  07/14/2016

<h2>Output:</h2>
*** Using Compiler 'V5.06 update 1 (build 61)', folder: 'F:\Keil5\ARM\ARMCC\Bin'
Rebuild target 'Target 1'
assembling startup_stm32f40_41xxx.s...
compiling led.c...
compiling delay.c...
compiling usart.c...
compiling key.c...
compiling sys.c...
compiling test.c...
compiling ILI93xx.c...
compiling spi.c...
compiling beep.c...
compiling w25qxx.c...
compiling dcmi.c...
compiling ov2640.c...
compiling sccb.c...
compiling sdio_sdcard.c...
compiling malloc.c...
compiling ff.c...
compiling sram.c...
compiling diskio.c...
compiling exfuns.c...
compiling fattester.c...
compiling mycc936.c...
compiling fontupd.c...
compiling atk_qrdecode.c...
compiling text.c...
linking...
Program Size: Code=67262 RO-data=8738 RW-data=124 ZI-data=1234068  
FromELF: creating hex file...
"..\OBJ\TEST.axf" - 0 Error(s), 0 Warning(s).

<h2>Collection of Component include folders:</h2>
  D:\大创\机械创新设计大赛\ATK-QR 二维码与条形码识别库\ATK-QR 二维码与条形码识别库\2，程序源码\(寄存器版，适合探索者F407开发板)扩展实验SE01 ATK-QR二维码、条形码识别实验\USER\RTE
  F:\Keil5\ARM\PACK\Keil\STM32F4xx_DFP\2.7.0\Drivers\CMSIS\Device\ST\STM32F4xx\Include

<h2>Collection of Component Files used:</h2>
Build Time Elapsed:  00:00:07
</pre>
</body>
</html>
